2
1
[2]
[2]
[2, 3]
[2]
[3, 3]
[[3, 3], [2]]
[[3, 3], [2, 4]]
[2, 4]
[[3, 3], [2, 4], 1, 2]
