e0: 0
e1: 1
e2: 2
e3: 3
e4: 4
e0: 0
e1: 1
e2: 2
e3: 3
e4: 4
e5: 5
