in main
in g
in main
out main
in main
in g
in main
out main
