[0, 1, 2, 3, 4]
[0, 1, 2, 3, 4, 3, 2, 1]
[1, 2, 3, 1, 2, 3]
[0, [1, 2]]
2
2
