[1, 4, 9, 16, 25, 36, 49, 64, 81, 100]
[1, 3, 5, 7, 9]
[2, 3, 5, 7, 11, 13, 17, 19]
[1, 2, 3, 4, 1, 2, 3, 4, 5]
[1, 2, 3, 4, 1, 2, 3, 4, 5]
[1, 2, 3]
[1, 3, 2]
[2, 1, 3]
[2, 3, 1]
[3, 1, 2]
[3, 2, 1]
