12345
hello "world"
hello
\world
Bi Ran
12
1
123
3
1
2
3
5
l
