[[again, 2], [biran, 2], [hello, 2], [is, 2], [this, 2]]
